\BOOKMARK [0][-]{chapter*.1}{\376\377\000T\000\323\000M\000\040\000T\036\256\000T\000\040\001\020\036\322\000\040\000\301\000N}{}% 1
\BOOKMARK [0][-]{chapter.1}{\376\377\0001\000\040\000G\000I\036\332\000I\000\040\000T\000H\000I\036\306\000U}{}% 2
\BOOKMARK [1][-]{section.1.1}{\376\377\0001\000.\0001\000\040\000G\000i\036\333\000i\000\040\000t\000h\000i\036\307\000u\000\040\001\021\036\301\000\040\000t\000\340\000i}{chapter.1}% 3
\BOOKMARK [1][-]{section.1.2}{\376\377\0001\000.\0002\000\040\000M\036\345\000c\000\040\001\021\000\355\000c\000h\000\040\000c\036\347\000a\000\040\001\021\036\301\000\040\000t\000\340\000i}{chapter.1}% 4
\BOOKMARK [1][-]{section.1.3}{\376\377\0001\000.\0003\000\040\000C\000\341\000c\000\040\000c\000h\036\351\000c\000\040\000n\001\003\000n\000g\000\040\000c\000h\000\355\000n\000h}{chapter.1}% 5
\BOOKMARK [0][-]{chapter.2}{\376\377\0002\000\040\000P\000H\000\302\000N\000\040\000T\000\315\000C\000H\000\040\000Y\000\312\000U\000\040\000C\036\246\000U}{}% 6
\BOOKMARK [1][-]{section.2.1}{\376\377\0002\000.\0001\000\040\000Y\000\352\000u\000\040\000c\036\247\000u\000\040\000c\000h\036\351\000c\000\040\000n\001\003\000n\000g}{chapter.2}% 7
\BOOKMARK [2][-]{subsection.2.1.1}{\376\377\0002\000.\0001\000.\0001\000\040\000Q\000u\036\243\000n\000\040\000l\000\375\000\040\000t\000\340\000i\000\040\000k\000h\000o\036\243\000n\000\040\000v\000\340\000\040\000p\000h\000\342\000n\000\040\000q\000u\000y\036\301\000n}{section.2.1}% 8
\BOOKMARK [2][-]{subsection.2.1.2}{\376\377\0002\000.\0001\000.\0002\000\040\000Q\000u\036\243\000n\000\040\000l\000\375\000\040\000F\000i\000l\000m\000\040\000L\000a\000b\000\040\000v\000\340\000\040\000d\036\313\000c\000h\000\040\000v\036\345}{section.2.1}% 9
\BOOKMARK [2][-]{subsection.2.1.3}{\376\377\0002\000.\0001\000.\0003\000\040\000Q\000u\036\243\000n\000\040\000l\000\375\000\040\001\021\001\241\000n\000\040\000h\000\340\000n\000g\000\040\000v\000\340\000\040\000x\036\355\000\040\000l\000\375\000\040\000p\000h\000i\000m}{section.2.1}% 10
\BOOKMARK [2][-]{subsection.2.1.4}{\376\377\0002\000.\0001\000.\0004\000\040\000G\000i\000a\000o\000\040\000n\000h\036\255\000n\000\040\000v\000\340\000\040\000t\000h\000a\000n\000h\000\040\000t\000o\000\341\000n}{section.2.1}% 11
\BOOKMARK [2][-]{subsection.2.1.5}{\376\377\0002\000.\0001\000.\0005\000\040\000Q\000u\036\243\000n\000\040\000l\000\375\000\040\000k\000h\000o\000\040\036\243\000n\000h\000\040\000p\000h\000i\000m\000\040\000s\036\321}{section.2.1}% 12
\BOOKMARK [2][-]{subsection.2.1.6}{\376\377\0002\000.\0001\000.\0006\000\040\000Q\000u\036\243\000n\000\040\000l\000\375\000\040\000c\000h\036\343\000\040\000t\000h\000i\036\277\000t\000\040\000b\036\313}{section.2.1}% 13
\BOOKMARK [2][-]{subsection.2.1.7}{\376\377\0002\000.\0001\000.\0007\000\040\000T\000r\000i\000\040\000t\000h\036\351\000c\000\040\000v\000\340\000\040\000h\000o\036\241\000t\000\040\001\021\036\331\000n\000g\000\040\000c\036\331\000n\000g\000\040\001\021\036\323\000n\000g}{section.2.1}% 14
\BOOKMARK [2][-]{subsection.2.1.8}{\376\377\0002\000.\0001\000.\0008\000\040\000C\000h\036\351\000c\000\040\000n\001\003\000n\000g\000\040\000h\036\327\000\040\000t\000r\036\343\000\040\000b\036\337\000i\000\040\000A\000I}{section.2.1}% 15
\BOOKMARK [0][-]{chapter.3}{\376\377\0003\000\040\000T\000H\000I\036\276\000T\000\040\000K\036\276\000\040\000M\036\350\000C\000\040\000K\000H\000\301\000I\000\040\000N\000I\036\306\000M}{}% 16
\BOOKMARK [1][-]{section.3.1}{\376\377\0003\000.\0001\000\040\000T\000\340\000i\000\040\000k\000h\000o\036\243\000n\000\040\000v\000\340\000\040\000p\000h\000\342\000n\000\040\000q\000u\000y\036\301\000n}{chapter.3}% 17
\BOOKMARK [1][-]{section.3.2}{\376\377\0003\000.\0002\000\040\000F\000i\000l\000m\000\040\000L\000a\000b\000\040\000v\000\340\000\040\000d\000a\000n\000h\000\040\000m\036\345\000c\000\040\000d\036\313\000c\000h\000\040\000v\036\345}{chapter.3}% 18
\BOOKMARK [1][-]{section.3.3}{\376\377\0003\000.\0003\000\040\001\020\001\241\000n\000\040\000h\000\340\000n\000g\000\040\000v\000\340\000\040\000q\000u\000\341\000\040\000t\000r\000\354\000n\000h\000\040\000x\036\355\000\040\000l\000\375\000\040\000p\000h\000i\000m}{chapter.3}% 19
\BOOKMARK [1][-]{section.3.4}{\376\377\0003\000.\0004\000\040\000K\000h\000o\000\040\036\243\000n\000h\000\040\000p\000h\000i\000m\000\040\000s\036\321}{chapter.3}% 20
\BOOKMARK [1][-]{section.3.5}{\376\377\0003\000.\0005\000\040\000C\000h\036\343\000\040\000t\000h\000i\036\277\000t\000\040\000b\036\313\000\040\000n\000h\000i\036\277\000p\000\040\036\243\000n\000h}{chapter.3}% 21
\BOOKMARK [1][-]{section.3.6}{\376\377\0003\000.\0006\000\040\000T\000r\000i\000\040\000t\000h\036\351\000c\000\040\000v\000\340\000\040\000c\036\331\000n\000g\000\040\001\021\036\323\000n\000g}{chapter.3}% 22
\BOOKMARK [1][-]{section.3.7}{\376\377\0003\000.\0007\000\040\000T\001\260\001\241\000n\000g\000\040\000t\000\341\000c\000\040\000v\000\340\000\040\000h\036\327\000\040\000t\000r\036\343\000\040\000A\000I}{chapter.3}% 23
\BOOKMARK [0][-]{chapter.4}{\376\377\0004\000\040\000T\000H\000I\036\276\000T\000\040\000K\036\276\000\040\000M\036\350\000C\000\040\000L\000O\000G\000I\000C\000\040\000V\000\300\000\040\000C\000H\000U\036\250\000N\000\040\000H\000\323\000A}{}% 24
\BOOKMARK [1][-]{section.4.1}{\376\377\0004\000.\0001\000\040\000T\000\340\000i\000\040\000k\000h\000o\036\243\000n\000\040\000v\000\340\000\040\000p\000h\000\342\000n\000\040\000q\000u\000y\036\301\000n}{chapter.4}% 25
\BOOKMARK [1][-]{section.4.2}{\376\377\0004\000.\0002\000\040\000F\000i\000l\000m\000\040\000L\000a\000b\000,\000\040\000d\036\313\000c\000h\000\040\000v\036\345\000\040\000v\000\340\000\040\001\021\001\241\000n\000\040\000h\000\340\000n\000g}{chapter.4}% 26
\BOOKMARK [1][-]{section.4.3}{\376\377\0004\000.\0003\000\040\000C\000u\036\331\000n\000\040\000p\000h\000i\000m\000\040\000v\000\340\000\040\000q\000u\000\341\000\040\000t\000r\000\354\000n\000h\000\040\000x\036\355\000\040\000l\000\375}{chapter.4}% 27
\BOOKMARK [1][-]{section.4.4}{\376\377\0004\000.\0004\000\040\000K\000h\000o\000\040\036\243\000n\000h\000\040\000p\000h\000i\000m\000\040\000s\036\321}{chapter.4}% 28
\BOOKMARK [1][-]{section.4.5}{\376\377\0004\000.\0005\000\040\000C\000h\036\343\000\040\000t\000h\000i\036\277\000t\000\040\000b\036\313\000\040\000n\000h\000i\036\277\000p\000\040\036\243\000n\000h}{chapter.4}% 29
\BOOKMARK [1][-]{section.4.6}{\376\377\0004\000.\0006\000\040\000T\000r\000i\000\040\000t\000h\036\351\000c\000,\000\040\000c\036\331\000n\000g\000\040\001\021\036\323\000n\000g\000\040\000v\000\340\000\040\000A\000I}{chapter.4}% 30
\BOOKMARK [1][-]{section.4.7}{\376\377\0004\000.\0007\000\040\000R\000\340\000n\000g\000\040\000b\000u\036\331\000c\000\040\000l\000o\000g\000i\000c\000\040\000c\000h\000\355\000n\000h}{chapter.4}% 31
\BOOKMARK [1][-]{section.4.8}{\376\377\0004\000.\0008\000\040\000C\000h\000u\036\251\000n\000\040\000h\000\363\000a\000\040\000d\036\357\000\040\000l\000i\036\307\000u}{chapter.4}% 32
\BOOKMARK [2][-]{subsection.4.8.1}{\376\377\0004\000.\0008\000.\0001\000\040\000D\036\241\000n\000g\000\040\000c\000h\000u\036\251\000n\000\040\000t\000h\036\351\000\040\000n\000h\036\245\000t\000\040\000\050\0001\000N\000F\000\051}{section.4.8}% 33
\BOOKMARK [2][-]{subsection.4.8.2}{\376\377\0004\000.\0008\000.\0002\000\040\000D\036\241\000n\000g\000\040\000c\000h\000u\036\251\000n\000\040\000t\000h\036\351\000\040\000h\000a\000i\000\040\000\050\0002\000N\000F\000\051}{section.4.8}% 34
\BOOKMARK [2][-]{subsection.4.8.3}{\376\377\0004\000.\0008\000.\0003\000\040\000D\036\241\000n\000g\000\040\000c\000h\000u\036\251\000n\000\040\000t\000h\036\351\000\040\000b\000a\000\040\000\050\0003\000N\000F\000\051}{section.4.8}% 35
\BOOKMARK [0][-]{chapter.5}{\376\377\0005\000\040\000T\000H\000I\036\276\000T\000\040\000K\036\276\000\040\000M\036\350\000C\000\040\000V\036\254\000T\000\040\000L\000\335}{}% 36
\BOOKMARK [1][-]{section.5.1}{\376\377\0005\000.\0001\000\040\000Q\000u\000y\000\040\001\260\036\333\000c\000\040\000t\000r\000i\036\303\000n\000\040\000k\000h\000a\000i\000\040\000P\000o\000s\000t\000g\000r\000e\000S\000Q\000L}{chapter.5}% 37
\BOOKMARK [1][-]{section.5.2}{\376\377\0005\000.\0002\000\040\000P\0001\000\040\040\023\000\040\000C\000o\000r\000e\000\040\000D\000o\000m\000a\000i\000n\000\040\000d\000\371\000n\000g\000\040\000c\000h\000u\000n\000g}{chapter.5}% 38
\BOOKMARK [2][-]{subsection.5.2.1}{\376\377\0005\000.\0002\000.\0001\000\040\000B\036\243\000n\000g\000\040\000u\000s\000e\000r\000s\000\040\040\023\000\040\000T\000\340\000i\000\040\000k\000h\000o\036\243\000n\000\040\000n\000g\001\260\036\335\000i\000\040\000d\000\371\000n\000g}{section.5.2}% 39
\BOOKMARK [2][-]{subsection.5.2.2}{\376\377\0005\000.\0002\000.\0002\000\040\000B\036\243\000n\000g\000\040\000r\000o\000l\000e\000s\000\040\040\023\000\040\000V\000a\000i\000\040\000t\000r\000\362\000\040\000h\036\307\000\040\000t\000h\036\321\000n\000g}{section.5.2}% 40
\BOOKMARK [2][-]{subsection.5.2.3}{\376\377\0005\000.\0002\000.\0003\000\040\000B\036\243\000n\000g\000\040\000p\000e\000r\000m\000i\000s\000s\000i\000o\000n\000s\000\040\040\023\000\040\000Q\000u\000y\036\301\000n\000\040\000t\000h\000a\000o\000\040\000t\000\341\000c}{section.5.2}% 41
\BOOKMARK [2][-]{subsection.5.2.4}{\376\377\0005\000.\0002\000.\0004\000\040\000B\036\243\000n\000g\000\040\000u\000s\000e\000r\000\137\000r\000o\000l\000e\000s\000\040\040\023\000\040\000G\000\341\000n\000\040\000v\000a\000i\000\040\000t\000r\000\362\000\040\000c\000h\000o\000\040\000n\000g\001\260\036\335\000i\000\040\000d\000\371\000n\000g}{section.5.2}% 42
\BOOKMARK [2][-]{subsection.5.2.5}{\376\377\0005\000.\0002\000.\0005\000\040\000B\036\243\000n\000g\000\040\000r\000o\000l\000e\000\137\000p\000e\000r\000m\000i\000s\000s\000i\000o\000n\000s\000\040\040\023\000\040\000G\000\341\000n\000\040\000q\000u\000y\036\301\000n\000\040\000c\000h\000o\000\040\000v\000a\000i\000\040\000t\000r\000\362}{section.5.2}% 43
\BOOKMARK [2][-]{subsection.5.2.6}{\376\377\0005\000.\0002\000.\0006\000\040\000B\036\243\000n\000g\000\040\000f\000i\000l\000m\000\137\000l\000a\000b\000s\000\040\040\023\000\040\000F\000i\000l\000m\000\040\000L\000a\000b\000\040\000t\000h\000a\000m\000\040\000g\000i\000a\000\040\000n\036\301\000n\000\040\000t\036\243\000n\000g}{section.5.2}% 44
\BOOKMARK [2][-]{subsection.5.2.7}{\376\377\0005\000.\0002\000.\0007\000\040\000B\036\243\000n\000g\000\040\000l\000a\000b\000\137\000s\000e\000r\000v\000i\000c\000e\000s\000\040\040\023\000\040\000D\036\313\000c\000h\000\040\000v\036\345\000\040\000d\000o\000\040\000F\000i\000l\000m\000\040\000L\000a\000b\000\040\000c\000u\000n\000g\000\040\000c\036\245\000p}{section.5.2}% 45
\BOOKMARK [2][-]{subsection.5.2.8}{\376\377\0005\000.\0002\000.\0008\000\040\000B\036\243\000n\000g\000\040\000s\000e\000r\000v\000i\000c\000e\000\137\000p\000a\000c\000k\000a\000g\000e\000s\000\040\040\023\000\040\000G\000\363\000i\000\040\000d\036\313\000c\000h\000\040\000v\036\345}{section.5.2}% 46
\BOOKMARK [2][-]{subsection.5.2.9}{\376\377\0005\000.\0002\000.\0009\000\040\000B\036\243\000n\000g\000\040\000p\000a\000c\000k\000a\000g\000e\000\137\000s\000e\000r\000v\000i\000c\000e\000s\000\040\040\023\000\040\000T\000h\000\340\000n\000h\000\040\000p\000h\036\247\000n\000\040\000c\036\347\000a\000\040\000g\000\363\000i\000\040\000d\036\313\000c\000h\000\040\000v\036\345}{section.5.2}% 47
\BOOKMARK [2][-]{subsection.5.2.10}{\376\377\0005\000.\0002\000.\0001\0000\000\040\000B\036\243\000n\000g\000\040\000o\000r\000d\000e\000r\000s\000\040\040\023\000\040\001\020\001\241\000n\000\040\000s\036\355\000\040\000d\036\345\000n\000g\000\040\000d\036\313\000c\000h\000\040\000v\036\345\000\040\000F\000i\000l\000m\000\040\000L\000a\000b}{section.5.2}% 48
\BOOKMARK [2][-]{subsection.5.2.11}{\376\377\0005\000.\0002\000.\0001\0001\000\040\000B\036\243\000n\000g\000\040\000o\000r\000d\000e\000r\000\137\000i\000t\000e\000m\000s\000\040\040\023\000\040\000H\036\241\000n\000g\000\040\000m\036\345\000c\000\040\000d\036\313\000c\000h\000\040\000v\036\345\000\040\000t\000r\000o\000n\000g\000\040\001\021\001\241\000n}{section.5.2}% 49
\BOOKMARK [1][-]{section.5.3}{\376\377\0005\000.\0003\000\040\000P\0003\000\040\040\023\000\040\000C\000u\036\331\000n\000\040\000p\000h\000i\000m\000\040\000v\000\340\000\040\000x\036\355\000\040\000l\000\375}{chapter.5}% 50
\BOOKMARK [2][-]{subsection.5.3.1}{\376\377\0005\000.\0003\000.\0001\000\040\000B\036\243\000n\000g\000\040\000f\000i\000l\000m\000\137\000r\000o\000l\000l\000s\000\040\040\023\000\040\000C\000u\036\331\000n\000\040\000p\000h\000i\000m}{section.5.3}% 51
\BOOKMARK [2][-]{subsection.5.3.2}{\376\377\0005\000.\0003\000.\0002\000\040\000B\036\243\000n\000g\000\040\000p\000r\000o\000c\000e\000s\000s\000i\000n\000g\000\137\000s\000t\000a\000g\000e\000s\000\040\040\023\000\040\000D\000a\000n\000h\000\040\000m\036\345\000c\000\040\000c\000\364\000n\000g\000\040\001\021\000o\036\241\000n}{section.5.3}% 52
\BOOKMARK [2][-]{subsection.5.3.3}{\376\377\0005\000.\0003\000.\0003\000\040\000B\036\243\000n\000g\000\040\000s\000t\000a\000g\000e\000\137\000l\000o\000g\000s\000\040\040\023\000\040\000L\036\247\000n\000\040\000t\000h\036\361\000c\000\040\000h\000i\036\307\000n\000\040\000c\000\364\000n\000g\000\040\001\021\000o\036\241\000n}{section.5.3}% 53
\BOOKMARK [2][-]{subsection.5.3.4}{\376\377\0005\000.\0003\000.\0004\000\040\000B\036\243\000n\000g\000\040\000o\000r\000d\000e\000r\000\137\000s\000t\000a\000t\000u\000s\000\137\000h\000i\000s\000t\000o\000r\000y\000\040\040\023\000\040\000L\036\313\000c\000h\000\040\000s\036\355\000\040\000t\000r\036\241\000n\000g\000\040\000t\000h\000\341\000i\000\040\001\021\001\241\000n}{section.5.3}% 54
\BOOKMARK [2][-]{subsection.5.3.5}{\376\377\0005\000.\0003\000.\0005\000\040\000B\036\243\000n\000g\000\040\000p\000i\000c\000k\000u\000p\000\137\000d\000e\000l\000i\000v\000e\000r\000y\000\137\000r\000e\000q\000u\000e\000s\000t\000s\000\040\040\023\000\040\000Y\000\352\000u\000\040\000c\036\247\000u\000\040\000n\000h\036\255\000n\000/\000g\000i\000a\000o\000\040\000p\000h\000i\000m}{section.5.3}% 55
\BOOKMARK [1][-]{section.5.4}{\376\377\0005\000.\0004\000\040\000P\0004\000\040\040\023\000\040\000K\000h\000o\000\040\036\243\000n\000h\000\040\000s\036\321\000\040\000v\000\340\000\040\000c\000h\036\343\000\040\000t\000h\000i\036\277\000t\000\040\000b\036\313}{chapter.5}% 56
\BOOKMARK [2][-]{subsection.5.4.1}{\376\377\0005\000.\0004\000.\0001\000\040\000B\036\243\000n\000g\000\040\000s\000c\000a\000n\000\137\000f\000i\000l\000e\000s\000\040\040\023\000\040\000F\000i\000l\000e\000\040\036\243\000n\000h\000\040\001\021\001\260\036\343\000c\000\040\000s\036\321\000\040\000h\000\363\000a}{section.5.4}% 57
\BOOKMARK [2][-]{subsection.5.4.2}{\376\377\0005\000.\0004\000.\0002\000\040\000B\036\243\000n\000g\000\040\000a\000l\000b\000u\000m\000s\000\040\040\023\000\040\000A\000l\000b\000u\000m\000\040\036\243\000n\000h\000\040\000c\036\347\000a\000\040\000n\000g\001\260\036\335\000i\000\040\000d\000\371\000n\000g}{section.5.4}% 58
\BOOKMARK [2][-]{subsection.5.4.3}{\376\377\0005\000.\0004\000.\0003\000\040\000B\036\243\000n\000g\000\040\000a\000l\000b\000u\000m\000\137\000p\000h\000o\000t\000o\000s\000\040\040\023\000\040\036\242\000n\000h\000\040\000t\000h\000u\036\331\000c\000\040\000a\000l\000b\000u\000m}{section.5.4}% 59
\BOOKMARK [2][-]{subsection.5.4.4}{\376\377\0005\000.\0004\000.\0004\000\040\000B\036\243\000n\000g\000\040\000t\000a\000g\000s\000\040\040\023\000\040\000T\000h\036\273\000\040\000p\000h\000\342\000n\000\040\000l\000o\036\241\000i\000\040\036\243\000n\000h}{section.5.4}% 60
\BOOKMARK [2][-]{subsection.5.4.5}{\376\377\0005\000.\0004\000.\0005\000\040\000B\036\243\000n\000g\000\040\000p\000h\000o\000t\000o\000\137\000t\000a\000g\000s\000\040\040\023\000\040\000G\000\341\000n\000\040\000t\000h\036\273\000\040\000c\000h\000o\000\040\036\243\000n\000h}{section.5.4}% 61
\BOOKMARK [2][-]{subsection.5.4.6}{\376\377\0005\000.\0004\000.\0006\000\040\000B\036\243\000n\000g\000\040\000f\000i\000l\000m\000\137\000s\000t\000o\000c\000k\000s\000\040\040\023\000\040\000L\000o\036\241\000i\000\040\000f\000i\000l\000m}{section.5.4}% 62
\BOOKMARK [2][-]{subsection.5.4.7}{\376\377\0005\000.\0004\000.\0007\000\040\000B\036\243\000n\000g\000\040\000c\000a\000m\000e\000r\000a\000\137\000m\000o\000d\000e\000l\000s\000\040\040\023\000\040\000M\036\253\000u\000\040\000m\000\341\000y\000\040\036\243\000n\000h}{section.5.4}% 63
\BOOKMARK [2][-]{subsection.5.4.8}{\376\377\0005\000.\0004\000.\0008\000\040\000B\036\243\000n\000g\000\040\000l\000e\000n\000s\000e\000s\000\040\040\023\000\040\036\320\000n\000g\000\040\000k\000\355\000n\000h}{section.5.4}% 64
\BOOKMARK [2][-]{subsection.5.4.9}{\376\377\0005\000.\0004\000.\0009\000\040\000B\036\243\000n\000g\000\040\000p\000h\000o\000t\000o\000\137\000m\000e\000t\000a\000d\000a\000t\000a\000\040\040\023\000\040\000M\000e\000t\000a\000d\000a\000t\000a\000\040\000c\036\347\000a\000\040\036\243\000n\000h\000\040\000s\000c\000a\000n}{section.5.4}% 65
\BOOKMARK [2][-]{subsection.5.4.10}{\376\377\0005\000.\0004\000.\0001\0000\000\040\000B\036\243\000n\000g\000\040\000p\000r\000o\000d\000u\000c\000t\000\137\000c\000a\000t\000e\000g\000o\000r\000i\000e\000s\000\040\040\023\000\040\000D\000a\000n\000h\000\040\000m\036\345\000c\000\040\000s\036\243\000n\000\040\000p\000h\036\251\000m}{section.5.4}% 66
\BOOKMARK [2][-]{subsection.5.4.11}{\376\377\0005\000.\0004\000.\0001\0001\000\040\000B\036\243\000n\000g\000\040\000p\000r\000o\000d\000u\000c\000t\000s\000\040\040\023\000\040\000S\036\243\000n\000\040\000p\000h\036\251\000m\000\040\000g\000i\000a\000o\000\040\000d\036\313\000c\000h}{section.5.4}% 67
\BOOKMARK [2][-]{subsection.5.4.12}{\376\377\0005\000.\0004\000.\0001\0002\000\040\000B\036\243\000n\000g\000\040\000l\000i\000s\000t\000i\000n\000g\000s\000\040\040\023\000\040\000T\000i\000n\000\040\001\021\001\003\000n\000g\000\040\000M\000a\000r\000k\000e\000t\000p\000l\000a\000c\000e}{section.5.4}% 68
\BOOKMARK [2][-]{subsection.5.4.13}{\376\377\0005\000.\0004\000.\0001\0003\000\040\000B\036\243\000n\000g\000\040\000m\000a\000r\000k\000e\000t\000p\000l\000a\000c\000e\000\137\000t\000r\000a\000n\000s\000a\000c\000t\000i\000o\000n\000s\000\040\040\023\000\040\000G\000i\000a\000o\000\040\000d\036\313\000c\000h\000\040\000M\000a\000r\000k\000e\000t\000p\000l\000a\000c\000e}{section.5.4}% 69
\BOOKMARK [2][-]{subsection.5.4.14}{\376\377\0005\000.\0004\000.\0001\0004\000\040\000B\036\243\000n\000g\000\040\000s\000e\000l\000l\000e\000r\000\137\000r\000e\000v\000i\000e\000w\000s\000\040\040\023\000\040\001\020\000\341\000n\000h\000\040\000g\000i\000\341\000\040\000n\000g\001\260\036\335\000i\000\040\000b\000\341\000n}{section.5.4}% 70
\BOOKMARK [1][-]{section.5.5}{\376\377\0005\000.\0005\000\040\000P\0005\000\040\040\023\000\040\000T\000r\000i\000\040\000t\000h\036\351\000c\000,\000\040\000A\000I\000\040\000v\000\340\000\040\001\021\000\341\000n\000h\000\040\000g\000i\000\341\000\040\000L\000a\000b}{chapter.5}% 71
\BOOKMARK [2][-]{subsection.5.5.1}{\376\377\0005\000.\0005\000.\0001\000\040\000B\036\243\000n\000g\000\040\000a\000r\000t\000i\000c\000l\000e\000\137\000c\000a\000t\000e\000g\000o\000r\000i\000e\000s\000\040\040\023\000\040\000D\000a\000n\000h\000\040\000m\036\345\000c\000\040\000b\000\340\000i\000\040\000v\000i\036\277\000t}{section.5.5}% 72
\BOOKMARK [2][-]{subsection.5.5.2}{\376\377\0005\000.\0005\000.\0002\000\040\000B\036\243\000n\000g\000\040\000a\000r\000t\000i\000c\000l\000e\000s\000\040\040\023\000\040\000B\000\340\000i\000\040\000v\000i\036\277\000t\000\040\000v\000\340\000\040\000h\001\260\036\333\000n\000g\000\040\000d\036\253\000n}{section.5.5}% 73
\BOOKMARK [2][-]{subsection.5.5.3}{\376\377\0005\000.\0005\000.\0003\000\040\000B\036\243\000n\000g\000\040\000l\000a\000b\000\137\000r\000e\000v\000i\000e\000w\000s\000\040\040\023\000\040\001\020\000\341\000n\000h\000\040\000g\000i\000\341\000\040\000F\000i\000l\000m\000\040\000L\000a\000b}{section.5.5}% 74
\BOOKMARK [2][-]{subsection.5.5.4}{\376\377\0005\000.\0005\000.\0004\000\040\000B\036\243\000n\000g\000\040\000c\000o\000m\000m\000u\000n\000i\000t\000y\000\137\000e\000v\000e\000n\000t\000s\000\040\040\023\000\040\000S\036\361\000\040\000k\000i\036\307\000n\000\040\000c\036\331\000n\000g\000\040\001\021\036\323\000n\000g}{section.5.5}% 75
\BOOKMARK [2][-]{subsection.5.5.5}{\376\377\0005\000.\0005\000.\0005\000\040\000B\036\243\000n\000g\000\040\000u\000s\000e\000r\000\137\000i\000n\000t\000e\000r\000a\000c\000t\000i\000o\000n\000s\000\040\040\023\000\040\000N\000h\036\255\000t\000\040\000k\000\375\000\040\000h\000\340\000n\000h\000\040\000v\000i}{section.5.5}% 76
\BOOKMARK [2][-]{subsection.5.5.6}{\376\377\0005\000.\0005\000.\0006\000\040\000B\036\243\000n\000g\000\040\000a\000i\000\137\000c\000h\000a\000t\000\137\000l\000o\000g\000\040\040\023\000\040\000N\000h\036\255\000t\000\040\000k\000\375\000\040\000h\036\331\000i\000\040\000t\000h\000o\036\241\000i\000\040\000A\000I}{section.5.5}% 77
\BOOKMARK [1][-]{section.5.6}{\376\377\0005\000.\0006\000\040\000C\000h\036\311\000\040\000m\036\345\000c\000\040\000t\000h\000e\000o\000\040\000l\000u\036\323\000n\000g\000\040\000t\000r\000u\000y\000\040\000v\036\245\000n}{chapter.5}% 78
\BOOKMARK [1][-]{section.5.7}{\376\377\0005\000.\0007\000\040\000T\000r\000u\000y\000\040\000v\036\245\000n\000\040\000t\036\325\000n\000g\000\040\000t\000i\036\301\000n\000\040\000t\036\353\000\040\000n\000g\000u\036\323\000n\000\040\001\021\000\343\000\040\000c\000h\036\321\000t}{chapter.5}% 79
\BOOKMARK [1][-]{section.5.8}{\376\377\0005\000.\0008\000\040\000G\000i\000a\000o\000\040\000d\036\313\000c\000h\000,\000\040\000a\000u\000d\000i\000t\000\040\000v\000\340\000\040\000b\036\243\000o\000\040\000t\000o\000\340\000n\000\040\000l\036\313\000c\000h\000\040\000s\036\355}{chapter.5}% 80
\BOOKMARK [0][-]{chapter.6}{\376\377\0006\000\040\000K\036\276\000T\000\040\000L\000U\036\254\000N}{}% 81
\BOOKMARK [1][-]{section.6.1}{\376\377\0006\000.\0001\000\040\000T\036\325\000n\000g\000\040\000k\036\277\000t\000\040\000q\000u\000\341\000\040\000t\000r\000\354\000n\000h\000\040\000t\000h\000i\036\277\000t\000\040\000k\036\277}{chapter.6}% 82
\BOOKMARK [1][-]{section.6.2}{\376\377\0006\000.\0002\000\040\000K\036\277\000t\000\040\000q\000u\036\243\000\040\001\021\036\241\000t\000\040\001\021\001\260\036\343\000c}{chapter.6}% 83
\BOOKMARK [1][-]{section.6.3}{\376\377\0006\000.\0003\000\040\001\020\000\341\000n\000h\000\040\000g\000i\000\341\000\040\000t\000h\000i\036\277\000t\000\040\000k\036\277}{chapter.6}% 84
\BOOKMARK [1][-]{section.6.4}{\376\377\0006\000.\0004\000\040\000H\036\241\000n\000\040\000c\000h\036\277}{chapter.6}% 85
\BOOKMARK [1][-]{section.6.5}{\376\377\0006\000.\0005\000\040\000H\001\260\036\333\000n\000g\000\040\000p\000h\000\341\000t\000\040\000t\000r\000i\036\303\000n}{chapter.6}% 86
\BOOKMARK [0][-]{section.6.5}{\376\377\000T\000\340\000i\000\040\000l\000i\036\307\000u\000\040\000t\000h\000a\000m\000\040\000k\000h\036\243\000o}{}% 87
